{"timestamp":"2026-04-15T17:56:06.652Z","status":404,"error":"Not Found","path":"/api/auth/login"}